NRF24.c:16:22:DelayMicro	16	static
NRF24.c:23:9:NRF24_ReadReg	32	static
NRF24.c:37:6:NRF24_WriteReg	16	static
NRF24.c:46:6:NRF24_ToggleFeatures	16	static
NRF24.c:57:6:NRF24_Read_Buf	16	static
NRF24.c:65:6:NRF24_Write_Buf	16	static
NRF24.c:75:6:NRF24_FlushRX	16	static
NRF24.c:84:6:NRF24_FlushTX	16	static
NRF24.c:93:6:NRF24L01_RX_Mode	16	static
NRF24.c:108:6:NRF24L01_TX_Mode	8	static
NRF24.c:118:6:NRF24_Transmit	16	static
NRF24.c:145:9:NRF24L01_Send	24	static
NRF24.c:176:6:IRQ_Callback	16	static
NRF24.c:217:6:NRF24L01_Receive	16	static
NRF24.c:242:6:NRF24_ini	8	static
